# vsim -wlf riscv.wlf -logfile sim.log -c -coverage -assertdebug -voptargs="+acc" work.riscv_top_tb -do "coverage save -onexit  riscv.ucdb; run -all; coverage save riscv.ucdb" 
# Start time: 21:14:02 on May 17,2025
# ** Note: (vsim-3813) Design is being optimized due to module recompilation...
# ** Warning: ../riscv_sequence_item.svh(195): (vopt-2240) Treating stand-alone use of function 'pack_instruction' as an implicit VOID cast.
# ** Note: (vsim-12126) Error and warning message counts have been restored: Errors=0, Warnings=1.
# //  Questa Sim-64
# //  Version 2021.1 win64 Jan 19 2021
# //
# //  Copyright 1991-2021 Mentor Graphics Corporation
# //  All Rights Reserved.
# //
# //  QuestaSim and its associated documentation contain trade
# //  secrets and commercial or financial information that are the property of
# //  Mentor Graphics Corporation and are privileged, confidential,
# //  and exempt from disclosure under the Freedom of Information Act,
# //  5 U.S.C. Section 552. Furthermore, this information
# //  is prohibited from disclosure under the Trade Secrets Act,
# //  18 U.S.C. Section 1905.
# //
# Loading sv_std.std
# Loading work.alu_if(fast)
# Loading work.mul_if(fast)
# Loading work.lsu_if(fast)
# Loading work.fetch_if(fast)
# Loading work.reg_if(fast)
# Loading work.riscv_if(fast)
# Loading work.cv32e40p_pkg(fast)
# Loading work.riscv_pkg(fast)
# Loading mtiUvm.uvm_pkg(fast)
# Loading work.riscv_classes_pkg(fast)
# Loading mtiUvm.questa_uvm_pkg(fast)
# Loading work.riscv_top_tb(fast)
# Loading work.riscv_if(fast__2)
# Loading work.mul_if(fast__2)
# Loading work.alu_if(fast__2)
# Loading work.lsu_if(fast__2)
# Loading work.fetch_if(fast__2)
# Loading work.reg_if(fast__2)
# Loading work.cv32e40p_apu_core_pkg(fast)
# Loading work.cv32e40p_top(fast)
# Loading work.cv32e40p_core(fast)
# Loading work.cv32e40p_sleep_unit(fast)
# Loading work.cv32e40p_clock_gate(fast)
# Loading work.cv32e40p_if_stage(fast)
# Loading work.cv32e40p_prefetch_buffer(fast)
# Loading work.cv32e40p_prefetch_controller(fast)
# Loading work.cv32e40p_fifo(fast)
# Loading work.cv32e40p_obi_interface(fast)
# Loading work.cv32e40p_aligner(fast)
# Loading work.cv32e40p_compressed_decoder(fast)
# Loading work.cv32e40p_fpu_pkg(fast)
# Loading work.cv32e40p_id_stage(fast)
# Loading work.cv32e40p_register_file(fast)
# Loading work.cv32e40p_clock_gate(fast__1)
# Loading work.cv32e40p_decoder(fast)
# Loading work.cv32e40p_controller(fast)
# Loading work.cv32e40p_int_controller(fast)
# Loading work.cv32e40p_ex_stage(fast)
# Loading work.cv32e40p_alu(fast)
# Loading work.cv32e40p_popcnt(fast)
# Loading work.cv32e40p_ff_one(fast)
# Loading work.cv32e40p_alu_div(fast)
# Loading work.cv32e40p_mult(fast)
# Loading work.cv32e40p_load_store_unit(fast)
# Loading work.cv32e40p_obi_interface(fast__1)
# Loading work.cv32e40p_cs_registers(fast)
# ** Warning: (vsim-3838) Variable '/riscv_top_tb/alu_intf/ex_ready_i' written by continuous and procedural assignments. 
# One of the assignments is implicit. See ../ALU_DIV/tb_files/alu_if.sv(12).
#    Time: 0 ps  Iteration: 0  Instance: /riscv_top_tb File: ../riscv_assign.svh Line: 36
# ** Warning: (vsim-3838) Variable '/riscv_top_tb/alu_intf/operand_b_i' written by continuous and procedural assignments. 
# One of the assignments is implicit. See ../ALU_DIV/tb_files/alu_if.sv(13).
#    Time: 0 ps  Iteration: 0  Instance: /riscv_top_tb File: ../riscv_assign.svh Line: 35
# ** Warning: (vsim-3838) Variable '/riscv_top_tb/alu_intf/operand_a_i' written by continuous and procedural assignments. 
# One of the assignments is implicit. See ../ALU_DIV/tb_files/alu_if.sv(13).
#    Time: 0 ps  Iteration: 0  Instance: /riscv_top_tb File: ../riscv_assign.svh Line: 34
# ** Warning: (vsim-3838) Variable '/riscv_top_tb/alu_intf/operator_i' written by continuous and procedural assignments. 
# One of the assignments is implicit. See ../ALU_DIV/tb_files/alu_if.sv(11).
#    Time: 0 ps  Iteration: 0  Instance: /riscv_top_tb File: ../riscv_assign.svh Line: 33
# ** Warning: (vsim-3838) Variable '/riscv_top_tb/alu_intf/enable_i' written by continuous and procedural assignments. 
# One of the assignments is implicit. See ../ALU_DIV/tb_files/alu_if.sv(10).
#    Time: 0 ps  Iteration: 0  Instance: /riscv_top_tb File: ../riscv_assign.svh Line: 32
# Loading O:/Programming/Quartus/uvm-1.1d\win64\uvm_dpi.dll
# ** Warning: (vsim-8634) Code was not compiled with coverage options.
# coverage save -onexit  riscv.ucdb
#  run -all
# ----------------------------------------------------------------
# UVM-1.1d
# (C) 2007-2013 Mentor Graphics Corporation
# (C) 2007-2013 Cadence Design Systems, Inc.
# (C) 2006-2013 Synopsys, Inc.
# (C) 2011-2013 Cypress Semiconductor Corp.
# ----------------------------------------------------------------
# 
#   ***********       IMPORTANT RELEASE NOTES         ************
# 
#   You are using a version of the UVM library that has been compiled
#   with `UVM_NO_DEPRECATED undefined.
#   See http://www.eda.org/svdb/view.php?id=3313 for more details.
# 
#   You are using a version of the UVM library that has been compiled
#   with `UVM_OBJECT_MUST_HAVE_CONSTRUCTOR undefined.
#   See http://www.eda.org/svdb/view.php?id=3770 for more details.
# 
#       (Specify +UVM_NO_RELNOTES to turn off this notice)
# 
# UVM_INFO verilog_src/questa_uvm_pkg-1.2/src/questa_uvm_pkg.sv(277) @ 0: reporter [Questa UVM] QUESTA_UVM-1.2.3
# UVM_INFO verilog_src/questa_uvm_pkg-1.2/src/questa_uvm_pkg.sv(278) @ 0: reporter [Questa UVM]  questa_uvm::init(+struct)
# UVM_INFO @ 0: reporter [RNTST] Running test riscv_test...
# Starting simulation
# UVM_INFO verilog_src/uvm-1.1d/src/base/uvm_objection.svh(1267) @ 41460000: reporter [TEST_DONE] 'run' phase is ready to proceed to the 'extract' phase
# UVM_INFO ../mul/mul_scoreboard.svh(118) @ 41460000: uvm_test_top.m_env.m_mul_scoreboard [uvm_test_top.m_env.m_mul_scoreboard] Scoreboard: Passed cases: 10
# UVM_INFO ../mul/mul_scoreboard.svh(119) @ 41460000: uvm_test_top.m_env.m_mul_scoreboard [uvm_test_top.m_env.m_mul_scoreboard] Scoreboard: Failed cases: 0
# UVM_INFO ../RAL/reg_scoreboard.svh(62) @ 41460000: uvm_test_top.m_env.m_reg_scoreboard [uvm_test_top.m_env.m_reg_scoreboard] Scoreboard: Passed cases: 91
# UVM_INFO ../RAL/reg_scoreboard.svh(63) @ 41460000: uvm_test_top.m_env.m_reg_scoreboard [uvm_test_top.m_env.m_reg_scoreboard] Scoreboard: Failed cases: 0
# UVM_INFO ../ALU_DIV/tb_files/alu_coverage_collector.svh(315) @ 41460000: uvm_test_top.m_env.m_alu_cov_collector [alu_coverage_collector] Coverage Input: 50.37%
# UVM_INFO ../ALU_DIV/tb_files/alu_coverage_collector.svh(316) @ 41460000: uvm_test_top.m_env.m_alu_cov_collector [alu_coverage_collector] Coverage Output: 28.89%
# UVM_INFO ../ALU_DIV/tb_files/alu_scoreboard.svh(345) @ 41460000: uvm_test_top.m_env.m_alu_scoreboard [uvm_test_top.m_env.m_alu_scoreboard] Scoreboard: Passed cases: 91
# UVM_INFO ../ALU_DIV/tb_files/alu_scoreboard.svh(346) @ 41460000: uvm_test_top.m_env.m_alu_scoreboard [uvm_test_top.m_env.m_alu_scoreboard] Scoreboard: Failed cases: 0
# UVM_INFO ../lsu/lsu_coverage_collector.svh(167) @ 41460000: uvm_test_top.m_env.m_lsu_cov_collector [lsu_coverage_collector] Coverage Input: 77.06%
# UVM_INFO ../lsu/lsu_coverage_collector.svh(169) @ 41460000: uvm_test_top.m_env.m_lsu_cov_collector [lsu_coverage_collector] Coverage Output: 72.22%
# UVM_INFO ../lsu/lsu_scoreboard.svh(157) @ 41460000: uvm_test_top.m_env.m_lsu_scoreboard [m_lsu_scoreboard] Success Count: 9
# UVM_INFO ../lsu/lsu_scoreboard.svh(158) @ 41460000: uvm_test_top.m_env.m_lsu_scoreboard [m_lsu_scoreboard] Failure Count: 0
# UVM_INFO ../mul/mul_coverage_collector.svh(116) @ 41460000: uvm_test_top.m_env.m_mul_cov_collector [mul_coverage_collector] Coverage Input: 53.33%
# UVM_INFO ../mul/mul_coverage_collector.svh(117) @ 41460000: uvm_test_top.m_env.m_mul_cov_collector [mul_coverage_collector] Coverage Output: 50.00%
# 
# --- UVM Report Summary ---
# 
# ** Report counts by severity
# UVM_INFO :   18
# UVM_WARNING :    0
# UVM_ERROR :    0
# UVM_FATAL :    0
# ** Report counts by id
# [Questa UVM]     2
# [RNTST]     1
# [TEST_DONE]     1
# [alu_coverage_collector]     2
# [lsu_coverage_collector]     2
# [m_lsu_scoreboard]     2
# [mul_coverage_collector]     2
# [uvm_test_top.m_env.m_alu_scoreboard]     2
# [uvm_test_top.m_env.m_mul_scoreboard]     2
# [uvm_test_top.m_env.m_reg_scoreboard]     2
# ** Note: $finish    : O:/Programming/Quartus/win64/../verilog_src/uvm-1.1d/src/base/uvm_root.svh(430)
#    Time: 41460 ns  Iteration: 53  Instance: /riscv_top_tb
# Saving coverage database on exit...
# End time: 21:14:05 on May 17,2025, Elapsed time: 0:00:03
# Errors: 0, Warnings: 7
